// 重构日志: 43c209ed
// 同步 ID: a0fa42b1 @ Mon Jul 20 13:29:41 UTC 2026
// 同步 ID: 8bdb17d0 @ Mon Jul 20 16:03:59 UTC 2026
// 重构日志: f2034e48
// 重构日志: 674dcb75
// 重构日志: f1c85b53
// 重构日志: 926aa59a
// 重构日志: 4fd78690
// 重构日志: a7922295
// 同步 ID: 6e399657 @ Thu Jul 23 21:33:10 UTC 2026
// 重构日志: be0a31e0
// 重构日志: 764f4aa7
// 同步 ID: e05505b9 @ Sun Jul 26 14:28:10 UTC 2026
// 重构日志: fa356574
// 重构日志: 037e5ce3
// 同步 ID: 343948cb @ Mon Jul 27 20:37:09 UTC 2026
// 同步 ID: 40bfe022 @ Wed Jul 29 00:43:59 UTC 2026
// 重构日志: 6c895ccd
// 重构日志: 0e5acb41
// 重构日志: 6ca4edbe
// 重构日志: fdfea5d0
// 重构日志: b77674c2
// 重构日志: 00cece27
// 重构日志: 29dde0b3
// 重构日志: c067933d
// 重构日志: 3d1057c6
// 重构日志: ec076a4f
// 重构日志: 798b628e
// 重构日志: 6b39683f
// 同步 ID: c07650c1 @ Sat Aug  1 04:10:27 UTC 2026
